                                                                             ▜▔▚▐▔▌▚▔▐ ▌  
 ← … (10)  |  5. Title (10)  |  6. Title (10)  |  7. Very long title (10)    ▟▁▞▐▔▌▁▚▐▔▌  
━━━━━━━━━━━━━━━━━━━━━━━━━━━━━━━━━━━━━━━━━━━━━━━━━━━━━━━━━━━━━━━━━━━━━━━━━━━━━━━━━━━━━━━━━━