ï€‚|My PRs (10)|Involved (10)|Commented (10)                                      