                                                                             ▜▔▚▐▔▌▚▔▐ ▌  
    |  Mine New   ⣻   |  Review New   ⣻   |  All New   ⣻                    ▟▁▞▐▔▌▁▚▐▔▌  
━━━━━━━━━━━━━━━━━━━━━━━━━━━━━━━━━━━━━━━━━━━━━━━━━━━━━━━━━━━━━━━━━━━━━━━━━━━━━━━━━━━━━━━━━━